// Jest Snapshot v1, https://goo.gl/fbAQLP

exports[`true 1`] = `
<section
  className={undefined}
>
  <span>
    Post count: 
    3
  </span>
</section>
`;
